
> typogrammar@1.0.0 build
> vite build && node scripts/prerender.cjs

[36mvite v5.4.21 [32mbuilding for production...[36m[39m
npm : [baseline-browser-mapping] The data in this module is over two months 
old.  To ensure accurate Baseline data, please update: `npm i 
baseline-browser-mapping@latest -D`
At line:1 char:1
+ npm run build > build-output.txt 2>&1; "EXIT=$LASTEXITCODE"; Get-Cont ...
+ ~~~~~~~~~~~~~~~~~~~~~~~~~~~~~~~~~~~~~
    + CategoryInfo          : NotSpecified: ([baseline-brows...ping@latest -D` 
   :String) [], RemoteException
    + FullyQualifiedErrorId : NativeCommandError
 
transforming...
Browserslist: browsers data (caniuse-lite) is 6 months old. Please run:
  npx update-browserslist-db@latest
  Why you should do it regularly: 
https://github.com/browserslist/update-db#readme
[32mΓ£ô[39m 322 modules transformed.
rendering chunks...
[2mdist/[22m[32mindex.html                                                [39m[1m[2m   15.14 kB[22m[1m[22m
[2mdist/[22m[35massets/index-DtmVu7sS.css                                 [39m[1m[2m  128.09 kB[22m[1m[22m
[2mdist/[22m[36massets/BlogImage-Dumyhf10.js                              [39m[1m[2m    0.51 kB[22m[1m[22m
[2mdist/[22m[36massets/GoogleAd-chT5Kcw5.js                               [39m[1m[2m    0.77 kB[22m[1m[22m
[2mdist/[22m[36massets/StickyNextCTA-BAtvGA55.js                          [39m[1m[2m    1.82 kB[22m[1m[22m
[2mdist/[22m[36massets/TenseVisualizerPage-BIrQDSrj.js                    [39m[1m[2m    1.96 kB[22m[1m[22m
[2mdist/[22m[36massets/NotFoundPage-B-kbWFYc.js                           [39m[1m[2m    2.77 kB[22m[1m[22m
[2mdist/[22m[36massets/RelatedContent-C4ODrn0O.js                         [39m[1m[2m    3.10 kB[22m[1m[22m
[2mdist/[22m[36massets/PronunciationFetcher-CmLLaO-V.js                   [39m[1m[2m    3.26 kB[22m[1m[22m
[2mdist/[22m[36massets/MiniQuiz-DmwY5CiC.js                               [39m[1m[2m    4.66 kB[22m[1m[22m
[2mdist/[22m[36massets/WhatIsTypogrammarPage-3uwe2RE9.js                  [39m[1m[2m    4.67 kB[22m[1m[22m
[2mdist/[22m[36massets/IELTSTestsPage-BosiRewv.js                         [39m[1m[2m    5.01 kB[22m[1m[22m
[2mdist/[22m[36massets/AboutPage-BgBbsU3H.js                              [39m[1m[2m    6.31 kB[22m[1m[22m
[2mdist/[22m[36massets/BuildingArgumentPage-BFmUsnWi.js                   [39m[1m[2m    6.80 kB[22m[1m[22m
[2mdist/[22m[36massets/PrivacyPolicyPage-UC68WoWn.js                      [39m[1m[2m    7.00 kB[22m[1m[22m
[2mdist/[22m[36massets/AIWritingToolsPage-AF5JuSCm.js                     [39m[1m[2m    7.82 kB[22m[1m[22m
[2mdist/[22m[36massets/ShareButtons-WkXYBmpL.js                           [39m[1m[2m    8.02 kB[22m[1m[22m
[2mdist/[22m[36massets/WorksheetsPage-BxE_FrT7.js                         [39m[1m[2m    8.02 kB[22m[1m[22m
[2mdist/[22m[36massets/PrepositionCombinationsPage-CMZCd3bi.js            [39m[1m[2m    8.15 kB[22m[1m[22m
[2mdist/[22m[36massets/PeopleIsOrPeopleArePage-r91NIQHR.js                [39m[1m[2m    8.16 kB[22m[1m[22m
[2mdist/[22m[36massets/TermsOfServicePage-BamRSW7g.js                     [39m[1m[2m    8.42 kB[22m[1m[22m
[2mdist/[22m[36massets/SomeoneHasOrHavePage-B6FhcNv1.js                   [39m[1m[2m    8.43 kB[22m[1m[22m
[2mdist/[22m[36massets/SomeoneIsOrArePage-ADwOhj-9.js                     [39m[1m[2m    8.50 kB[22m[1m[22m
[2mdist/[22m[36massets/InterestedInOrInterestedOnPage-BXKV3RCo.js         [39m[1m[2m    8.58 kB[22m[1m[22m
[2mdist/[22m[36massets/CommonlyConfusedWordsPage-BKTejzsv.js              [39m[1m[2m    8.66 kB[22m[1m[22m
[2mdist/[22m[36massets/EachAreOrEachIsPage-JBfHRwq8.js                    [39m[1m[2m    8.71 kB[22m[1m[22m
[2mdist/[22m[36massets/ReturnBackOrReturnPage-Fze-zIEk.js                 [39m[1m[2m    8.71 kB[22m[1m[22m
[2mdist/[22m[36massets/EveryoneIsOrEveryoneArePage-wd_qkDED.js            [39m[1m[2m    8.74 kB[22m[1m[22m
[2mdist/[22m[36massets/MuchPeopleOrManyPeoplePage-B7TK9HEw.js             [39m[1m[2m    8.83 kB[22m[1m[22m
[2mdist/[22m[36massets/MarriedWithOrMarriedToPage-BYp35-5z.js             [39m[1m[2m    8.85 kB[22m[1m[22m
[2mdist/[22m[36massets/IAmAgreeOrIAgreePage-Bx0d1Gb7.js                   [39m[1m[2m    9.03 kB[22m[1m[22m
[2mdist/[22m[36massets/DiscussOrDiscussAboutPage-DoVtiWqh.js              [39m[1m[2m    9.27 kB[22m[1m[22m
[2mdist/[22m[36massets/FaqPage-xUimznen.js                                [39m[1m[2m    9.37 kB[22m[1m[22m
[2mdist/[22m[36massets/EverybodyHasOrHavePage-qC4wnCNm.js                 [39m[1m[2m    9.40 kB[22m[1m[22m
[2mdist/[22m[36massets/GoodInOrGoodAtPage-umfdmXAu.js                     [39m[1m[2m    9.49 kB[22m[1m[22m
[2mdist/[22m[36massets/LessPeopleOrFewerPeoplePage-ue2aA2c4.js            [39m[1m[2m    9.61 kB[22m[1m[22m
[2mdist/[22m[36massets/DifferentFromOrDifferentThanPage-Ca0kFMeQ.js       [39m[1m[2m    9.74 kB[22m[1m[22m
[2mdist/[22m[36massets/BringVsTakePage-DQHMuqVb.js                        [39m[1m[2m    9.74 kB[22m[1m[22m
[2mdist/[22m[36massets/NobodyIsOrArePage-bB7iX-Hx.js                      [39m[1m[2m    9.78 kB[22m[1m[22m
[2mdist/[22m[36massets/BlogPostPage-BCa3Iez4.js                           [39m[1m[2m    9.79 kB[22m[1m[22m
[2mdist/[22m[36massets/AdvancePlanningPage-CxaXkXc6.js                    [39m[1m[2m    9.81 kB[22m[1m[22m
[2mdist/[22m[36massets/EverybodyIsOrArePage-D_RZuMzT.js                   [39m[1m[2m    9.85 kB[22m[1m[22m
[2mdist/[22m[36massets/RepeatAgainOrRepeatPage-CbL1r5JY.js                [39m[1m[2m    9.88 kB[22m[1m[22m
[2mdist/[22m[36massets/DidYouWentOrDidYouGoPage-C1M1WztK.js               [39m[1m[2m    9.92 kB[22m[1m[22m
[2mdist/[22m[36massets/HeGoOrHeGoesPage-Dgj9AJPE.js                       [39m[1m[2m    9.92 kB[22m[1m[22m
[2mdist/[22m[36massets/AdviceVsAdvisePage-D9trcDL8.js                     [39m[1m[2m   10.03 kB[22m[1m[22m
[2mdist/[22m[36massets/HeDidntWentOrHeDidntGoPage-54undVIO.js             [39m[1m[2m   10.07 kB[22m[1m[22m
[2mdist/[22m[36massets/ArriveInOrArriveAtPage-CEmeSFwc.js                 [39m[1m[2m   10.11 kB[22m[1m[22m
[2mdist/[22m[36massets/TooMuchVsTooManyPage-DKlYuSe4.js                   [39m[1m[2m   10.12 kB[22m[1m[22m
[2mdist/[22m[36massets/IHaveSawOrSeenPage-D5tQV6H6.js                     [39m[1m[2m   10.23 kB[22m[1m[22m
[2mdist/[22m[36massets/IHaveAteOrEatenPage-CJuEk5th.js                    [39m[1m[2m   10.24 kB[22m[1m[22m
[2mdist/[22m[36massets/IHaveWentOrGonePage-BpNFowx4.js                    [39m[1m[2m   10.29 kB[22m[1m[22m
[2mdist/[22m[36massets/IDidOrIDonePage-C6coOPDN.js                        [39m[1m[2m   10.30 kB[22m[1m[22m
[2mdist/[22m[36massets/ALotOrAlotPage-CUaFcmO3.js                         [39m[1m[2m   10.32 kB[22m[1m[22m
[2mdist/[22m[36massets/SheHasWentOrGonePage-Cqx304zR.js                   [39m[1m[2m   10.36 kB[22m[1m[22m
[2mdist/[22m[36massets/IHaveWroteOrWrittenPage-D8r1FUg7.js                [39m[1m[2m   10.36 kB[22m[1m[22m
[2mdist/[22m[36massets/HeHasCameOrComePage-B6z6ZQml.js                    [39m[1m[2m   10.38 kB[22m[1m[22m
[2mdist/[22m[36massets/IHaveDrankOrDrunkPage-CyGU4pp0.js                  [39m[1m[2m   10.39 kB[22m[1m[22m
[2mdist/[22m[36massets/DoVsMakePage-BxgUExza.js                           [39m[1m[2m   10.40 kB[22m[1m[22m
[2mdist/[22m[36massets/ISeenOrISawPage-DNtrTwEb.js                        [39m[1m[2m   10.40 kB[22m[1m[22m
[2mdist/[22m[36massets/FreeGiftPage-CxhUpoRe.js                           [39m[1m[2m   10.43 kB[22m[1m[22m
[2mdist/[22m[36massets/OneOfTheStudentsIsOrArePage-BBdfpKs_.js            [39m[1m[2m   10.53 kB[22m[1m[22m
[2mdist/[22m[36massets/SpeakVsTalkPage-DKeRrxTF.js                        [39m[1m[2m   10.54 kB[22m[1m[22m
[2mdist/[22m[36massets/AfraidOfOrAfraidFromPage-CexqnGeC.js               [39m[1m[2m   10.55 kB[22m[1m[22m
[2mdist/[22m[36massets/FinalOutcomePage-94FxTRbO.js                       [39m[1m[2m   10.56 kB[22m[1m[22m
[2mdist/[22m[36massets/AIPromptsPage-BuG2LajX.js                          [39m[1m[2m   10.72 kB[22m[1m[22m
[2mdist/[22m[36massets/EndResultPage-QsBi0djz.js                          [39m[1m[2m   10.76 kB[22m[1m[22m
[2mdist/[22m[36massets/NoneIsOrArePage-aPfy9DAT.js                        [39m[1m[2m   10.77 kB[22m[1m[22m
[2mdist/[22m[36massets/InTheWeekendOrOnTheWeekendPage-B_lw1min.js         [39m[1m[2m   10.78 kB[22m[1m[22m
[2mdist/[22m[36massets/EnterOrEnterToPage-Cxm4Fv3J.js                     [39m[1m[2m   10.84 kB[22m[1m[22m
[2mdist/[22m[36massets/VaryingSentenceStructurePage-BWrZn0Az.js           [39m[1m[2m   10.87 kB[22m[1m[22m
[2mdist/[22m[36massets/ProudOfOrProudForPage-DvLykqTo.js                  [39m[1m[2m   10.87 kB[22m[1m[22m
[2mdist/[22m[36massets/ExplainOrExplainAboutPage-DDZeFrIy.js              [39m[1m[2m   10.92 kB[22m[1m[22m
[2mdist/[22m[36massets/ALotOfPeopleIsOrArePage-x7uUMJNp.js                [39m[1m[2m   10.99 kB[22m[1m[22m
[2mdist/[22m[36massets/LittleVsFewPage-Bw3VD5bF.js                        [39m[1m[2m   11.00 kB[22m[1m[22m
[2mdist/[22m[36massets/ManyVsMuchPage-D1clD-5z.js                         [39m[1m[2m   11.05 kB[22m[1m[22m
[2mdist/[22m[36massets/EveryoneHasOrHavePage-BoUmaAql.js                  [39m[1m[2m   11.09 kB[22m[1m[22m
[2mdist/[22m[36massets/PastHistoryPage-PqVW3bxd.js                        [39m[1m[2m   11.13 kB[22m[1m[22m
[2mdist/[22m[36massets/ListenVsHearPage-C_LDjmDq.js                       [39m[1m[2m   11.20 kB[22m[1m[22m
[2mdist/[22m[36massets/ParaphrasingPage-ZPBNdyZA.js                       [39m[1m[2m   11.26 kB[22m[1m[22m
[2mdist/[22m[36massets/SoMuchVsSoManyPage-CVi1plLB.js                     [39m[1m[2m   11.31 kB[22m[1m[22m
[2mdist/[22m[36massets/ProfessionalEmailPage-D6wklpcs.js                  [39m[1m[2m   11.33 kB[22m[1m[22m
[2mdist/[22m[36massets/LearnVsStudyPage-FmR4agSK.js                       [39m[1m[2m   11.37 kB[22m[1m[22m
[2mdist/[22m[36massets/ContactPage-CfWXtb1o.js                            [39m[1m[2m   11.38 kB[22m[1m[22m
[2mdist/[22m[36massets/RequestOrRequestForPage-qf2mvvU7.js                [39m[1m[2m   11.42 kB[22m[1m[22m
[2mdist/[22m[36massets/EverydayVsEveryDayPage-DRunc7qb.js                 [39m[1m[2m   11.42 kB[22m[1m[22m
[2mdist/[22m[36massets/SayVsTellPage-C3whqSpd.js                          [39m[1m[2m   11.44 kB[22m[1m[22m
[2mdist/[22m[36massets/AFewVsFewPage-DZJawnww.js                          [39m[1m[2m   11.49 kB[22m[1m[22m
[2mdist/[22m[36massets/EssayTypesPage-Km22K3py.js                         [39m[1m[2m   11.49 kB[22m[1m[22m
[2mdist/[22m[36massets/SomeVsAnyPage-Bmd4zlxv.js                          [39m[1m[2m   11.60 kB[22m[1m[22m
[2mdist/[22m[36massets/EachOfTheStudentsIsOrArePage-Dkk5BxzQ.js           [39m[1m[2m   11.61 kB[22m[1m[22m
[2mdist/[22m[36massets/ANumberOfVsTheNumberOfPage-DIDAiFVw.js             [39m[1m[2m   11.74 kB[22m[1m[22m
[2mdist/[22m[36massets/ComplainAboutOrComplainOfPage-B0Uem3ts.js          [39m[1m[2m   11.88 kB[22m[1m[22m
[2mdist/[22m[36massets/CriticalReadingPage-DzaGVPcW.js                    [39m[1m[2m   11.90 kB[22m[1m[22m
[2mdist/[22m[36massets/DuringVsForVsWhilePage-BDLYU8_b.js                 [39m[1m[2m   11.95 kB[22m[1m[22m
[2mdist/[22m[36massets/IELTSListeningMockTest1Section1Page--MZNdIgt.js    [39m[1m[2m   12.03 kB[22m[1m[22m
[2mdist/[22m[36massets/ReadingPage-CtyCRIQj.js                            [39m[1m[2m   12.07 kB[22m[1m[22m
[2mdist/[22m[36massets/CloseProximityPage-HbiNGaAF.js                     [39m[1m[2m   12.09 kB[22m[1m[22m
[2mdist/[22m[36massets/ResponsibleForOrResponsibleOfPage-Ovq69yuO.js      [39m[1m[2m   12.16 kB[22m[1m[22m
[2mdist/[22m[36massets/EditorialTeamPage-tsgv5_Xn.js                      [39m[1m[2m   12.18 kB[22m[1m[22m
[2mdist/[22m[36massets/BorrowVsLendPage-pi5mGfpX.js                       [39m[1m[2m   12.36 kB[22m[1m[22m
[2mdist/[22m[36massets/UsedToVsBeUsedToPage-cvX-sSFz.js                   [39m[1m[2m   12.53 kB[22m[1m[22m
[2mdist/[22m[36massets/LookVsSeeVsWatchPage-BqR82v0_.js                   [39m[1m[2m   12.54 kB[22m[1m[22m
[2mdist/[22m[36massets/GrammarGuidePage-CqtNCuGQ.js                       [39m[1m[2m   12.64 kB[22m[1m[22m
[2mdist/[22m[36massets/ReadingComprehensionPage-lZjdQYGk.js               [39m[1m[2m   12.75 kB[22m[1m[22m
[2mdist/[22m[36massets/RememberVsRemindPage-XiA3n-39.js                   [39m[1m[2m   12.78 kB[22m[1m[22m
[2mdist/[22m[36massets/FondOfOrFondForPage-CE3yigLD.js                    [39m[1m[2m   13.00 kB[22m[1m[22m
[2mdist/[22m[36massets/ALittleVsLittlePage-CIu8SLzR.js                    [39m[1m[2m   13.02 kB[22m[1m[22m
[2mdist/[22m[36massets/AGroupOfPeopleIsOrArePage-DQ98bEBS.js              [39m[1m[2m   13.09 kB[22m[1m[22m
[2mdist/[22m[36massets/WinVsBeatPage-Ci_tkkWW.js                          [39m[1m[2m   13.14 kB[22m[1m[22m
[2mdist/[22m[36massets/TOEFLReadingTimeManagementPage-B-AT1gRw.js         [39m[1m[2m   13.24 kB[22m[1m[22m
[2mdist/[22m[36massets/SometimeVsSometimesPage-DwdkJisN.js                [39m[1m[2m   13.29 kB[22m[1m[22m
[2mdist/[22m[36massets/ToVsForPage-BkGyYrEi.js                            [39m[1m[2m   13.29 kB[22m[1m[22m
[2mdist/[22m[36massets/BasicGrammarTerminologyPage-jT9JaxqY.js            [39m[1m[2m   13.36 kB[22m[1m[22m
[2mdist/[22m[36massets/CapableOfOrCapableToPage-DikjXFNw.js               [39m[1m[2m   13.64 kB[22m[1m[22m
[2mdist/[22m[36massets/ByVsWithPage-jBLmqmNp.js                           [39m[1m[2m   13.67 kB[22m[1m[22m
[2mdist/[22m[36massets/SensibleVsSensitivePage-C0F_C3FA.js                [39m[1m[2m   13.78 kB[22m[1m[22m
[2mdist/[22m[36massets/SinceVsForPage-C4Tq7O6C.js                         [39m[1m[2m   13.87 kB[22m[1m[22m
[2mdist/[22m[36massets/TOEFLVocabularyPDFPage-CvZG1Tx_.js                 [39m[1m[2m   13.90 kB[22m[1m[22m
[2mdist/[22m[36massets/InVsOnVsAtPlacePage-BXZTTTLs.js                    [39m[1m[2m   14.00 kB[22m[1m[22m
[2mdist/[22m[36massets/IntoVsInToPage-iBdeGaU5.js                         [39m[1m[2m   14.07 kB[22m[1m[22m
[2mdist/[22m[36massets/GettingStartedPage-Xdj6-kcy.js                     [39m[1m[2m   14.17 kB[22m[1m[22m
[2mdist/[22m[36massets/StillVsYetVsAlreadyPage-B73OD13Z.js                [39m[1m[2m   14.24 kB[22m[1m[22m
[2mdist/[22m[36massets/IrregularVerbsPage-CnYq_bhO.js                     [39m[1m[2m   14.25 kB[22m[1m[22m
[2mdist/[22m[36massets/AboutVsOfPage-LnRK7yDR.js                          [39m[1m[2m   14.33 kB[22m[1m[22m
[2mdist/[22m[36massets/TOEFLReadingStrategiesPage-Cj0ppd15.js             [39m[1m[2m   14.39 kB[22m[1m[22m
[2mdist/[22m[36massets/SoVsSuchPage-B2kqpj53.js                           [39m[1m[2m   14.40 kB[22m[1m[22m
[2mdist/[22m[36massets/VeryVsTooVsSoPage-2biIkXGh.js                      [39m[1m[2m   14.48 kB[22m[1m[22m
[2mdist/[22m[36massets/ByAccidentVsOnAccidentPage-D5byoNHi.js             [39m[1m[2m   14.63 kB[22m[1m[22m
[2mdist/[22m[36massets/InVsOnVsAtTimeAndPlacePage-DToZV0xh.js             [39m[1m[2m   14.70 kB[22m[1m[22m
[2mdist/[22m[36massets/AccusedOfOrAccusedForPage-DVLiN55w.js              [39m[1m[2m   14.83 kB[22m[1m[22m
[2mdist/[22m[36massets/CollocationsPage-CGcd2pTa.js                       [39m[1m[2m   14.86 kB[22m[1m[22m
[2mdist/[22m[36massets/GrammarMistakesPage-CJkr5Hih.js                    [39m[1m[2m   14.97 kB[22m[1m[22m
[2mdist/[22m[36massets/EfficientVsEffectivePage-BHGwgA7Q.js               [39m[1m[2m   15.06 kB[22m[1m[22m
[2mdist/[22m[36massets/PlentyOfVsALotOfPage-B1m9DLXo.js                   [39m[1m[2m   15.16 kB[22m[1m[22m
[2mdist/[22m[36massets/PronunciationPage-BgqoUGjx.js                      [39m[1m[2m   15.22 kB[22m[1m[22m
[2mdist/[22m[36massets/EachOfOrEveryOfPage-BEEAxkom.js                    [39m[1m[2m   15.50 kB[22m[1m[22m
[2mdist/[22m[36massets/SeveralVsSomePage-CpxQATA-.js                      [39m[1m[2m   15.57 kB[22m[1m[22m
[2mdist/[22m[36massets/ShouldHaveVsShouldOfPage-B1v23WVO.js               [39m[1m[2m   16.02 kB[22m[1m[22m
[2mdist/[22m[36massets/BlogPage-DYLsqgN1.js                               [39m[1m[2m   16.31 kB[22m[1m[22m
[2mdist/[22m[36massets/PrefixesSuffixesPage-Dawo05P_.js                   [39m[1m[2m   16.35 kB[22m[1m[22m
[2mdist/[22m[36massets/PastTensePronunciationPage-DwQonv0c.js             [39m[1m[2m   16.53 kB[22m[1m[22m
[2mdist/[22m[36massets/TOEFLReadingPracticePDFPage-BKoRNzuU.js            [39m[1m[2m   16.53 kB[22m[1m[22m
[2mdist/[22m[36massets/EitherOfOrNeitherOfPage-C4K77YYi.js                [39m[1m[2m   16.60 kB[22m[1m[22m
[2mdist/[22m[36massets/OpinionEssayIELTSPage-C3E9tNbP.js                  [39m[1m[2m   16.64 kB[22m[1m[22m
[2mdist/[22m[36massets/TOEFLReadingSectionExplainedPage-DHNQ-kSp.js       [39m[1m[2m   17.14 kB[22m[1m[22m
[2mdist/[22m[36massets/PracticeToolsPage-DCoICp_5.js                      [39m[1m[2m   17.15 kB[22m[1m[22m
[2mdist/[22m[36massets/TOEFLWritingPDFPage-CBzsifTf.js                    [39m[1m[2m   17.19 kB[22m[1m[22m
[2mdist/[22m[36massets/ProgressPage-PIqeoFDO.js                           [39m[1m[2m   17.26 kB[22m[1m[22m
[2mdist/[22m[36massets/DiscussionEssayIELTSPage-CGn1xbzQ.js               [39m[1m[2m   17.52 kB[22m[1m[22m
[2mdist/[22m[36massets/FuturePerfectProgressiveTensePage-BF6SQn6z.js      [39m[1m[2m   17.74 kB[22m[1m[22m
[2mdist/[22m[36massets/IeltsBand9EssaysBookPage-ClkgeT65.js               [39m[1m[2m   17.89 kB[22m[1m[22m
[2mdist/[22m[36massets/AdvantagesDisadvantagesEssayIELTSPage-BP4rzuvA.js  [39m[1m[2m   18.09 kB[22m[1m[22m
[2mdist/[22m[36massets/PastPerfectTensePage-vmvHpMyF.js                   [39m[1m[2m   18.26 kB[22m[1m[22m
[2mdist/[22m[36massets/PastProgressiveTensePage-C4PzxpPl.js               [39m[1m[2m   18.29 kB[22m[1m[22m
[2mdist/[22m[36massets/TOEFLWritingTopicsPage-CYyxQ9S3.js                 [39m[1m[2m   18.31 kB[22m[1m[22m
[2mdist/[22m[36massets/FutureSimpleTensePage-8Rlrrrfv.js                  [39m[1m[2m   18.49 kB[22m[1m[22m
[2mdist/[22m[36massets/TOEFLReadingPracticeQuestionsPage-BHQ7tb9k.js      [39m[1m[2m   18.50 kB[22m[1m[22m
[2mdist/[22m[36massets/FuturePerfectTensePage-ZuqbkKJc.js                 [39m[1m[2m   18.55 kB[22m[1m[22m
[2mdist/[22m[36massets/PhrasalVerbsPage-BjCQW_2y.js                       [39m[1m[2m   18.58 kB[22m[1m[22m
[2mdist/[22m[36massets/ProblemSolutionEssayIELTSPage-CTgTWFsf.js          [39m[1m[2m   18.62 kB[22m[1m[22m
[2mdist/[22m[36massets/PresentSimpleTensePage-C_ie603Y.js                 [39m[1m[2m   18.64 kB[22m[1m[22m
[2mdist/[22m[36massets/FutureProgressiveTensePage-BX40h7vx.js             [39m[1m[2m   18.65 kB[22m[1m[22m
[2mdist/[22m[36massets/HomophonesHomonymsHomographsPage-UTnkEGSF.js       [39m[1m[2m   18.81 kB[22m[1m[22m
[2mdist/[22m[36massets/ComplexSentencesPDFPage-DZpSXbrr.js                [39m[1m[2m   18.94 kB[22m[1m[22m
[2mdist/[22m[36massets/PastPerfectProgressiveTensePage-C2UDor4h.js        [39m[1m[2m   19.02 kB[22m[1m[22m
[2mdist/[22m[36massets/PresentPerfectTensePage-DUxksOMp.js                [39m[1m[2m   19.10 kB[22m[1m[22m
[2mdist/[22m[36massets/IdiomsPage-DE8w-2rr.js                             [39m[1m[2m   19.13 kB[22m[1m[22m
[2mdist/[22m[36massets/TOEFLWritingPracticeQuestionsPage-Dqpk3PU3.js      [39m[1m[2m   19.14 kB[22m[1m[22m
[2mdist/[22m[36massets/PresentPerfectProgressiveTensePage-CA2-kbkt.js     [39m[1m[2m   19.20 kB[22m[1m[22m
[2mdist/[22m[36massets/IELTSWritingTask2Page-CO3wMQG2.js                  [39m[1m[2m   19.23 kB[22m[1m[22m
[2mdist/[22m[36massets/TwoPartQuestionEssayIELTSPage-sVnvSG5g.js          [39m[1m[2m   19.31 kB[22m[1m[22m
[2mdist/[22m[36massets/TOEFLWritingTemplatesPage-BDeLJVKb.js              [39m[1m[2m   19.34 kB[22m[1m[22m
[2mdist/[22m[36massets/WritingPage-CoK6cnSt.js                            [39m[1m[2m   19.41 kB[22m[1m[22m
[2mdist/[22m[36massets/TaskAchievementIELTSPage-riqDdP7u.js               [39m[1m[2m   20.27 kB[22m[1m[22m
[2mdist/[22m[36massets/MixedEssayTypesIELTSPage-DeyvWwWO.js               [39m[1m[2m   20.61 kB[22m[1m[22m
[2mdist/[22m[36massets/LexicalResourceIELTSPage-D5dEc6zx.js               [39m[1m[2m   20.65 kB[22m[1m[22m
[2mdist/[22m[36massets/TeacherPage-Drj-qDou.js                            [39m[1m[2m   21.25 kB[22m[1m[22m
[2mdist/[22m[36massets/TOEFLWritingTask2ExplainedPage-D039iI3r.js         [39m[1m[2m   21.37 kB[22m[1m[22m
[2mdist/[22m[36massets/PastSimpleTensePage-CmnVf_q8.js                    [39m[1m[2m   21.39 kB[22m[1m[22m
[2mdist/[22m[36massets/CommonGrammarMistakesIELTSPage-BgDMU6Jk.js         [39m[1m[2m   21.51 kB[22m[1m[22m
[2mdist/[22m[36massets/Band8IELTSSampleAnswersPage-DtR0nQT-.js            [39m[1m[2m   21.79 kB[22m[1m[22m
[2mdist/[22m[36massets/TOEFLiBTvsLTPPage-DS2lXcif.js                      [39m[1m[2m   21.81 kB[22m[1m[22m
[2mdist/[22m[36massets/Is75IELTSScoreGoodEnoughPage-DbiqUDoe.js           [39m[1m[2m   22.12 kB[22m[1m[22m
[2mdist/[22m[36massets/IeltsIdiomsBookPage-D9Jb2JJl.js                    [39m[1m[2m   22.13 kB[22m[1m[22m
[2mdist/[22m[36massets/TopicPage-J1jyG6Fm.js                              [39m[1m[2m   22.48 kB[22m[1m[22m
[2mdist/[22m[36massets/PresentProgressiveTensePage-6HpjXEpf.js            [39m[1m[2m   22.78 kB[22m[1m[22m
[2mdist/[22m[36massets/IeltsAcademicVocabularyBookPage-Du99S_fZ.js        [39m[1m[2m   22.79 kB[22m[1m[22m
[2mdist/[22m[36massets/IELTSReadingScoreConversionPage-DTEp9oJU.js        [39m[1m[2m   23.04 kB[22m[1m[22m
[2mdist/[22m[36massets/TOEFLWritingTask1ExplainedPage-CCaIv5qr.js         [39m[1m[2m   23.21 kB[22m[1m[22m
[2mdist/[22m[36massets/IeltsGrammarMasterBookPage-HR1aCyJf.js             [39m[1m[2m   23.36 kB[22m[1m[22m
[2mdist/[22m[36massets/GlossaryPage-CsHwC9wb.js                           [39m[1m[2m   23.55 kB[22m[1m[22m
[2mdist/[22m[36massets/CountriesWithoutIELTSPage-DCnXRVzi.js              [39m[1m[2m   24.39 kB[22m[1m[22m
[2mdist/[22m[36massets/IELTSIn3DaysPage-Cnxu-1v8.js                       [39m[1m[2m   25.00 kB[22m[1m[22m
[2mdist/[22m[36massets/IELTSScoreRequirementsPage-DMawVKFZ.js             [39m[1m[2m   25.98 kB[22m[1m[22m
[2mdist/[22m[36massets/ComplexSentencesIELTSPage-BUUnFhEp.js              [39m[1m[2m   26.39 kB[22m[1m[22m
[2mdist/[22m[36massets/VerbTensesHubPage-Cx_eX_gS.js                      [39m[1m[2m   26.49 kB[22m[1m[22m
[2mdist/[22m[36massets/IELTSVocabularyBand6Page-CwywWWiv.js               [39m[1m[2m   26.70 kB[22m[1m[22m
[2mdist/[22m[36massets/IELTSVocabularyBand8Page-C6EJG06R.js               [39m[1m[2m   26.77 kB[22m[1m[22m
[2mdist/[22m[36massets/IELTSVocabularyBand7Page-DdDYLAZh.js               [39m[1m[2m   26.86 kB[22m[1m[22m
[2mdist/[22m[36massets/WhyStuckAt65Page-DTMK_0wP.js                       [39m[1m[2m   26.88 kB[22m[1m[22m
[2mdist/[22m[36massets/FreeParaphrasingToolWithoutLoginPage-vK69o0Ck.js   [39m[1m[2m   27.02 kB[22m[1m[22m
[2mdist/[22m[36massets/EnglishGrammarPDFPage-CHPFZ-2C.js                  [39m[1m[2m   27.30 kB[22m[1m[22m
[2mdist/[22m[36massets/IsIELTSGettingHarderPage-Depzn1gO.js               [39m[1m[2m   27.68 kB[22m[1m[22m
[2mdist/[22m[36massets/IELTSVocabularyBand9Page-CvIn9BQh.js               [39m[1m[2m   27.80 kB[22m[1m[22m
[2mdist/[22m[36massets/WritingAssistantPage-BGYhfrvn.js                   [39m[1m[2m   28.84 kB[22m[1m[22m
[2mdist/[22m[36massets/EssayTopicGeneratorPage-CoRHMwTf.js                [39m[1m[2m   30.47 kB[22m[1m[22m
[2mdist/[22m[36massets/IELTSBandScoreCalculatorPage-BFXto3iK.js           [39m[1m[2m   31.22 kB[22m[1m[22m
[2mdist/[22m[36massets/ParaphrasingToolPage-DNneid2p.js                   [39m[1m[2m   31.31 kB[22m[1m[22m
[2mdist/[22m[36massets/InteractiveExercisesPage-ChTV1gqp.js               [39m[1m[2m   31.73 kB[22m[1m[22m
[2mdist/[22m[36massets/TypoGrammarWriteExtensionPage-DddYKlTV.js          [39m[1m[2m   31.99 kB[22m[1m[22m
[2mdist/[22m[36massets/TOEFL2026ScoringPage-C-ie7QjS.js                   [39m[1m[2m   34.17 kB[22m[1m[22m
[2mdist/[22m[36massets/HealthVocabularyBookPage-CPbMYJVr.js               [39m[1m[2m   35.91 kB[22m[1m[22m
[2mdist/[22m[36massets/TOEFLDailyLifeReadingTaskPage-DKINLYrz.js          [39m[1m[2m   36.22 kB[22m[1m[22m
[2mdist/[22m[36massets/PassiveVoiceIELTSPage-C-nOcDu4.js                  [39m[1m[2m   36.99 kB[22m[1m[22m
[2mdist/[22m[36massets/ConditionalsInIELTSPage-BXRy_scK.js                [39m[1m[2m   37.51 kB[22m[1m[22m
[2mdist/[22m[36massets/OldTOEFLvsNewTOEFL2026Page-B4mYfzAd.js             [39m[1m[2m   41.45 kB[22m[1m[22m
[2mdist/[22m[36massets/TOEFLReadingQuestionTypesPage-DEIF6lmE.js          [39m[1m[2m   42.67 kB[22m[1m[22m
[2mdist/[22m[36massets/GrammarCheckerPage-DhW5ypxp.js                     [39m[1m[2m   44.59 kB[22m[1m[22m
[2mdist/[22m[36massets/VerbTensesQuizPage-BeZ3pElN.js                     [39m[1m[2m   44.89 kB[22m[1m[22m
[2mdist/[22m[36massets/TOEFLCompleteTheWordsPage-D09W2S3_.js              [39m[1m[2m   48.74 kB[22m[1m[22m
[2mdist/[22m[36massets/content-quiz-htDatKQ1.js                           [39m[1m[2m   52.70 kB[22m[1m[22m
[2mdist/[22m[36massets/Band9IELTSEssaysPage-WszTrVpV.js                   [39m[1m[2m   89.78 kB[22m[1m[22m
[2mdist/[22m[36massets/content-vocab-ra4lhPyP.js                          [39m[1m[2m  112.98 kB[22m[1m[22m
[2mdist/[22m[36massets/react-vendor-01xkKyOK.js                           [39m[1m[2m  165.01 kB[22m[1m[22m
[2mdist/[22m[36massets/content-misc-mkbqtVzf.js                           [39m[1m[2m  202.80 kB[22m[1m[22m
[2mdist/[22m[36massets/index-DkiAMdKS.js                                  [39m[1m[2m  225.83 kB[22m[1m[22m
[2mdist/[22m[36massets/content-grammar-BV2sfe7M.js                        [39m[1m[2m  283.75 kB[22m[1m[22m
[2mdist/[22m[36massets/content-blog-DPtdC-rz.js                           [39m[1m[2m1,462.98 kB[22m[1m[22m
[32mΓ£ô built in 37.18s[39m
[prerender] Saved SPA shell to dist/_spa-shell.html (noindex,follow)
[prerender] Will prerender 298 routes from sitemap.xml
[prerender] Static server listening on http://127.0.0.1:5174
[prerender]   25/298 pages prerendered
[prerender]   50/298 pages prerendered
[prerender]   75/298 pages prerendered
[prerender]   100/298 pages prerendered
[prerender]   125/298 pages prerendered
[prerender]   150/298 pages prerendered
[prerender]   175/298 pages prerendered
[prerender]   200/298 pages prerendered
[prerender]   225/298 pages prerendered
[prerender]   250/298 pages prerendered
[prerender]   275/298 pages prerendered
[prerender]   298/298 pages prerendered
[prerender] Finished. Success: 298/298.
